<?xml version="1.0" encoding="UTF-8"?>
<config xmlns="http://www.knime.org/2008/09/XMLConfig" xmlns:xsi="http://www.w3.org/2001/XMLSchema-instance" xsi:schemaLocation="http://www.knime.org/2008/09/XMLConfig http://www.knime.org/XMLConfig_2008_09.xsd" key="test">
    <entry key="workspaceUrl" type="xstring" value="https://dbc-81782414-e092.cloud.databricks.com"/>
    <entry key="authType" type="xstring" value="TOKEN"/>
    <config key="token">
        <entry key="isCredentials_Internals" type="xboolean" value="true"/>
        <entry key="name" type="xstring" value=""/>
        <entry key="login" type="xstring" value=""/>
        <entry key="weaklyEncryptedPassword" type="xpassword" value="02DwAAAGMq_QxveL1vZ0EBj_meEcuBdcyxhD5I790qVRJ9U6k="/>
    </config>
    <entry key="connectionTimeout" type="xint" value="30"/>
    <entry key="readTimeout" type="xint" value="30"/>
</config>
