<?xml version="1.0" encoding="UTF-8"?>
<config xmlns="http://www.knime.org/2008/09/XMLConfig" xmlns:xsi="http://www.w3.org/2001/XMLSchema-instance" xsi:schemaLocation="http://www.knime.org/2008/09/XMLConfig http://www.knime.org/XMLConfig_2008_09.xsd" key="test">
    <entry key="dbType" type="xstring" value="databricks"/>
    <entry key="dbDialect" type="xstring" value="databricks"/>
    <entry key="useLatestDriver" type="xboolean" value="true"/>
    <entry key="dbDriver" type="xstring" value="built-in-databricks-2.7.5"/>
    <config key="jdbcParameters">
        <config key="0">
            <entry key="propertyName" type="xstring" value="UserAgentEntry"/>
            <entry key="propertyType" type="xstring" value="STRING_OR_NUMBER"/>
            <entry key="value" type="xstring" value="KNIME/5.12.0.v202603130935"/>
            <config key="username">
                <entry key="isCredentials_Internals" type="xboolean" value="true"/>
                <entry key="name" type="xstring" value=""/>
                <entry key="login" type="xstring" value=""/>
            </config>
            <config key="password">
                <entry key="isCredentials_Internals" type="xboolean" value="true"/>
                <entry key="name" type="xstring" value=""/>
                <entry key="login" type="xstring" value=""/>
            </config>
            <config key="file">
                <config key="path">
                    <entry key="location_present" type="xboolean" value="true"/>
                    <entry key="file_system_type" type="xstring" value="LOCAL"/>
                    <entry key="path" type="xstring" value=""/>
                </config>
            </config>
        </config>
    </config>
    <config key="inputMapping">
        <config key="byNameSettings"/>
        <config key="byTypeSettings">
            <config key="0">
                <entry key="fromType" type="xstring" value="ARRAY"/>
                <entry key="production_path_producer" type="xstring" value="ARRAY-&gt;java.lang.String"/>
                <entry key="production_path_converter" type="xstring" value="org.knime.core.data.def.StringCell$StringCellFactory.createCell(class java.lang.String)"/>
            </config>
            <config key="1">
                <entry key="fromType" type="xstring" value="BIGINT"/>
                <entry key="production_path_producer" type="xstring" value="BIGINT-&gt;java.lang.Long"/>
                <entry key="production_path_converter" type="xstring" value="org.knime.core.data.def.LongCell$LongCellFactory.create(class java.lang.Long)"/>
            </config>
            <config key="2">
                <entry key="fromType" type="xstring" value="BINARY"/>
                <entry key="production_path_producer" type="xstring" value="BINARY-&gt;java.io.InputStream"/>
                <entry key="production_path_converter" type="xstring" value="org.knime.core.data.blob.BinaryObjectCellFactory.create(class java.io.InputStream)"/>
            </config>
            <config key="3">
                <entry key="fromType" type="xstring" value="BIT"/>
                <entry key="production_path_producer" type="xstring" value="BIT-&gt;java.lang.Boolean"/>
                <entry key="production_path_converter" type="xstring" value="org.knime.core.data.def.BooleanCell$BooleanCellFactory.create(class java.lang.Boolean)"/>
            </config>
            <config key="4">
                <entry key="fromType" type="xstring" value="BLOB"/>
                <entry key="production_path_producer" type="xstring" value="BLOB-&gt;java.io.InputStream"/>
                <entry key="production_path_converter" type="xstring" value="org.knime.core.data.blob.BinaryObjectCellFactory.create(class java.io.InputStream)"/>
            </config>
            <config key="5">
                <entry key="fromType" type="xstring" value="BOOLEAN"/>
                <entry key="production_path_producer" type="xstring" value="BOOLEAN-&gt;java.lang.Boolean"/>
                <entry key="production_path_converter" type="xstring" value="org.knime.core.data.def.BooleanCell$BooleanCellFactory.create(class java.lang.Boolean)"/>
            </config>
            <config key="6">
                <entry key="fromType" type="xstring" value="CHAR"/>
                <entry key="production_path_producer" type="xstring" value="CHAR-&gt;java.lang.String"/>
                <entry key="production_path_converter" type="xstring" value="org.knime.core.data.def.StringCell$StringCellFactory.createCell(class java.lang.String)"/>
            </config>
            <config key="7">
                <entry key="fromType" type="xstring" value="CLOB"/>
                <entry key="production_path_producer" type="xstring" value="CLOB-&gt;java.lang.String"/>
                <entry key="production_path_converter" type="xstring" value="org.knime.core.data.def.StringCell$StringCellFactory.createCell(class java.lang.String)"/>
            </config>
            <config key="8">
                <entry key="fromType" type="xstring" value="DATALINK"/>
                <entry key="production_path_producer" type="xstring" value="DATALINK-&gt;java.lang.String"/>
                <entry key="production_path_converter" type="xstring" value="org.knime.core.data.def.StringCell$StringCellFactory.createCell(class java.lang.String)"/>
            </config>
            <config key="9">
                <entry key="fromType" type="xstring" value="DATE"/>
                <entry key="production_path_producer" type="xstring" value="DATE-&gt;java.time.LocalDate"/>
                <entry key="production_path_converter" type="xstring" value="org.knime.core.data.time.localdate.LocalDateCellFactory.create(class java.time.LocalDate)"/>
            </config>
            <config key="10">
                <entry key="fromType" type="xstring" value="DECIMAL"/>
                <entry key="production_path_producer" type="xstring" value="DECIMAL-&gt;java.lang.Double"/>
                <entry key="production_path_converter" type="xstring" value="org.knime.core.data.def.DoubleCell$DoubleCellFactory.create(class java.lang.Double)"/>
            </config>
            <config key="11">
                <entry key="fromType" type="xstring" value="DISTINCT"/>
                <entry key="production_path_producer" type="xstring" value="DISTINCT-&gt;java.lang.String"/>
                <entry key="production_path_converter" type="xstring" value="org.knime.core.data.def.StringCell$StringCellFactory.createCell(class java.lang.String)"/>
            </config>
            <config key="12">
                <entry key="fromType" type="xstring" value="DOUBLE"/>
                <entry key="production_path_producer" type="xstring" value="DOUBLE-&gt;java.lang.Double"/>
                <entry key="production_path_converter" type="xstring" value="org.knime.core.data.def.DoubleCell$DoubleCellFactory.create(class java.lang.Double)"/>
            </config>
            <config key="13">
                <entry key="fromType" type="xstring" value="FLOAT"/>
                <entry key="production_path_producer" type="xstring" value="FLOAT-&gt;java.lang.Double"/>
                <entry key="production_path_converter" type="xstring" value="org.knime.core.data.def.DoubleCell$DoubleCellFactory.create(class java.lang.Double)"/>
            </config>
            <config key="14">
                <entry key="fromType" type="xstring" value="INTEGER"/>
                <entry key="production_path_producer" type="xstring" value="INTEGER-&gt;java.lang.Integer"/>
                <entry key="production_path_converter" type="xstring" value="org.knime.core.data.def.IntCell$IntCellFactory.create(class java.lang.Integer)"/>
            </config>
            <config key="15">
                <entry key="fromType" type="xstring" value="JAVA_OBJECT"/>
                <entry key="production_path_producer" type="xstring" value="JAVA_OBJECT-&gt;java.lang.String"/>
                <entry key="production_path_converter" type="xstring" value="org.knime.core.data.def.StringCell$StringCellFactory.createCell(class java.lang.String)"/>
            </config>
            <config key="16">
                <entry key="fromType" type="xstring" value="LONGNVARCHAR"/>
                <entry key="production_path_producer" type="xstring" value="LONGNVARCHAR-&gt;java.lang.String"/>
                <entry key="production_path_converter" type="xstring" value="org.knime.core.data.def.StringCell$StringCellFactory.createCell(class java.lang.String)"/>
            </config>
            <config key="17">
                <entry key="fromType" type="xstring" value="LONGVARBINARY"/>
                <entry key="production_path_producer" type="xstring" value="LONGVARBINARY-&gt;java.io.InputStream"/>
                <entry key="production_path_converter" type="xstring" value="org.knime.core.data.blob.BinaryObjectCellFactory.create(class java.io.InputStream)"/>
            </config>
            <config key="18">
                <entry key="fromType" type="xstring" value="LONGVARCHAR"/>
                <entry key="production_path_producer" type="xstring" value="LONGVARCHAR-&gt;java.lang.String"/>
                <entry key="production_path_converter" type="xstring" value="org.knime.core.data.def.StringCell$StringCellFactory.createCell(class java.lang.String)"/>
            </config>
            <config key="19">
                <entry key="fromType" type="xstring" value="NCHAR"/>
                <entry key="production_path_producer" type="xstring" value="NCHAR-&gt;java.lang.String"/>
                <entry key="production_path_converter" type="xstring" value="org.knime.core.data.def.StringCell$StringCellFactory.createCell(class java.lang.String)"/>
            </config>
            <config key="20">
                <entry key="fromType" type="xstring" value="NCLOB"/>
                <entry key="production_path_producer" type="xstring" value="NCLOB-&gt;java.lang.String"/>
                <entry key="production_path_converter" type="xstring" value="org.knime.core.data.def.StringCell$StringCellFactory.createCell(class java.lang.String)"/>
            </config>
            <config key="21">
                <entry key="fromType" type="xstring" value="NULL"/>
                <entry key="production_path_producer" type="xstring" value="NULL-&gt;java.lang.String"/>
                <entry key="production_path_converter" type="xstring" value="org.knime.core.data.def.StringCell$StringCellFactory.createCell(class java.lang.String)"/>
            </config>
            <config key="22">
                <entry key="fromType" type="xstring" value="NUMERIC"/>
                <entry key="production_path_producer" type="xstring" value="NUMERIC-&gt;java.lang.Double"/>
                <entry key="production_path_converter" type="xstring" value="org.knime.core.data.def.DoubleCell$DoubleCellFactory.create(class java.lang.Double)"/>
            </config>
            <config key="23">
                <entry key="fromType" type="xstring" value="NVARCHAR"/>
                <entry key="production_path_producer" type="xstring" value="NVARCHAR-&gt;java.lang.String"/>
                <entry key="production_path_converter" type="xstring" value="org.knime.core.data.def.StringCell$StringCellFactory.createCell(class java.lang.String)"/>
            </config>
            <config key="24">
                <entry key="fromType" type="xstring" value="OTHER"/>
                <entry key="production_path_producer" type="xstring" value="OTHER-&gt;java.lang.String"/>
                <entry key="production_path_converter" type="xstring" value="org.knime.core.data.def.StringCell$StringCellFactory.createCell(class java.lang.String)"/>
            </config>
            <config key="25">
                <entry key="fromType" type="xstring" value="REAL"/>
                <entry key="production_path_producer" type="xstring" value="REAL-&gt;java.lang.Float"/>
                <entry key="production_path_converter" type="xstring" value="org.knime.core.data.def.DoubleCell$DoubleCellFactory.create(class java.lang.Float)"/>
            </config>
            <config key="26">
                <entry key="fromType" type="xstring" value="REF"/>
                <entry key="production_path_producer" type="xstring" value="REF-&gt;java.lang.String"/>
                <entry key="production_path_converter" type="xstring" value="org.knime.core.data.def.StringCell$StringCellFactory.createCell(class java.lang.String)"/>
            </config>
            <config key="27">
                <entry key="fromType" type="xstring" value="REF_CURSOR"/>
                <entry key="production_path_producer" type="xstring" value="REF_CURSOR-&gt;java.lang.String"/>
                <entry key="production_path_converter" type="xstring" value="org.knime.core.data.def.StringCell$StringCellFactory.createCell(class java.lang.String)"/>
            </config>
            <config key="28">
                <entry key="fromType" type="xstring" value="ROWID"/>
                <entry key="production_path_producer" type="xstring" value="ROWID-&gt;java.lang.String"/>
                <entry key="production_path_converter" type="xstring" value="org.knime.core.data.def.StringCell$StringCellFactory.createCell(class java.lang.String)"/>
            </config>
            <config key="29">
                <entry key="fromType" type="xstring" value="SMALLINT"/>
                <entry key="production_path_producer" type="xstring" value="SMALLINT-&gt;java.lang.Integer"/>
                <entry key="production_path_converter" type="xstring" value="org.knime.core.data.def.IntCell$IntCellFactory.create(class java.lang.Integer)"/>
            </config>
            <config key="30">
                <entry key="fromType" type="xstring" value="SQLXML"/>
                <entry key="production_path_producer" type="xstring" value="SQLXML-&gt;org.w3c.dom.Document"/>
                <entry key="production_path_converter" type="xstring" value="org.knime.core.data.xml.XMLCellFactory.create(interface org.w3c.dom.Document)"/>
            </config>
            <config key="31">
                <entry key="fromType" type="xstring" value="STRUCT"/>
                <entry key="production_path_producer" type="xstring" value="STRUCT-&gt;java.lang.String"/>
                <entry key="production_path_converter" type="xstring" value="org.knime.core.data.def.StringCell$StringCellFactory.createCell(class java.lang.String)"/>
            </config>
            <config key="32">
                <entry key="fromType" type="xstring" value="TIME"/>
                <entry key="production_path_producer" type="xstring" value="TIME-&gt;java.time.LocalTime"/>
                <entry key="production_path_converter" type="xstring" value="org.knime.core.data.time.localtime.LocalTimeCellFactory.create(class java.time.LocalTime)"/>
            </config>
            <config key="33">
                <entry key="fromType" type="xstring" value="TIMESTAMP"/>
                <entry key="production_path_producer" type="xstring" value="TIMESTAMP-&gt;java.time.LocalDateTime"/>
                <entry key="production_path_converter" type="xstring" value="org.knime.core.data.time.localdatetime.LocalDateTimeCellFactory.create(class java.time.LocalDateTime)"/>
            </config>
            <config key="34">
                <entry key="fromType" type="xstring" value="TIMESTAMP_WITH_TIMEZONE"/>
                <entry key="production_path_producer" type="xstring" value="TIMESTAMP_WITH_TIMEZONE-&gt;java.time.ZonedDateTime"/>
                <entry key="production_path_converter" type="xstring" value="org.knime.core.data.time.zoneddatetime.ZonedDateTimeCellFactory.create(class java.time.ZonedDateTime)"/>
            </config>
            <config key="35">
                <entry key="fromType" type="xstring" value="TIME_WITH_TIMEZONE"/>
                <entry key="production_path_producer" type="xstring" value="TIME_WITH_TIMEZONE-&gt;java.lang.String"/>
                <entry key="production_path_converter" type="xstring" value="org.knime.core.data.def.StringCell$StringCellFactory.createCell(class java.lang.String)"/>
            </config>
            <config key="36">
                <entry key="fromType" type="xstring" value="TINYINT"/>
                <entry key="production_path_producer" type="xstring" value="TINYINT-&gt;java.lang.Integer"/>
                <entry key="production_path_converter" type="xstring" value="org.knime.core.data.def.IntCell$IntCellFactory.create(class java.lang.Integer)"/>
            </config>
            <config key="37">
                <entry key="fromType" type="xstring" value="VARBINARY"/>
                <entry key="production_path_producer" type="xstring" value="VARBINARY-&gt;java.io.InputStream"/>
                <entry key="production_path_converter" type="xstring" value="org.knime.core.data.blob.BinaryObjectCellFactory.create(class java.io.InputStream)"/>
            </config>
            <config key="38">
                <entry key="fromType" type="xstring" value="VARCHAR"/>
                <entry key="production_path_producer" type="xstring" value="VARCHAR-&gt;java.lang.String"/>
                <entry key="production_path_converter" type="xstring" value="org.knime.core.data.def.StringCell$StringCellFactory.createCell(class java.lang.String)"/>
            </config>
        </config>
    </config>
    <config key="outputMapping">
        <config key="byNameSettings"/>
        <config key="byTypeSettings">
            <config key="0">
                <config key="fromType">
                    <entry key="cell_class" type="xstring" value="org.knime.core.data.def.BooleanCell"/>
                    <entry key="is_null" type="xboolean" value="false"/>
                </config>
                <entry key="consumption_path_converter" type="xstring" value="org.knime.core.data.convert.java.SimpleDataCellToJavaConverterFactory(BooleanValue,class java.lang.Boolean,Boolean)"/>
                <entry key="consumption_path_consumer" type="xstring" value="java.lang.Boolean-&gt;BOOLEAN"/>
            </config>
            <config key="1">
                <config key="fromType">
                    <entry key="cell_class" type="xstring" value="org.knime.core.data.def.DoubleCell"/>
                    <entry key="is_null" type="xboolean" value="false"/>
                </config>
                <entry key="consumption_path_converter" type="xstring" value="org.knime.core.data.convert.java.SimpleDataCellToJavaConverterFactory(DoubleValue,class java.lang.Double,Double)"/>
                <entry key="consumption_path_consumer" type="xstring" value="java.lang.Double-&gt;DOUBLE"/>
            </config>
            <config key="2">
                <config key="fromType">
                    <entry key="cell_class" type="xstring" value="org.knime.core.data.def.IntCell"/>
                    <entry key="is_null" type="xboolean" value="false"/>
                </config>
                <entry key="consumption_path_converter" type="xstring" value="org.knime.core.data.convert.java.SimpleDataCellToJavaConverterFactory(IntValue,class java.lang.Integer,Integer)"/>
                <entry key="consumption_path_consumer" type="xstring" value="java.lang.Integer-&gt;INTEGER"/>
            </config>
            <config key="3">
                <config key="fromType">
                    <entry key="cell_class" type="xstring" value="org.knime.core.data.def.LongCell"/>
                    <entry key="is_null" type="xboolean" value="false"/>
                </config>
                <entry key="consumption_path_converter" type="xstring" value="org.knime.core.data.convert.java.SimpleDataCellToJavaConverterFactory(LongValue,class java.lang.Long,Long)"/>
                <entry key="consumption_path_consumer" type="xstring" value="java.lang.Long-&gt;BIGINT"/>
            </config>
            <config key="4">
                <config key="fromType">
                    <entry key="cell_class" type="xstring" value="org.knime.core.data.def.StringCell"/>
                    <entry key="is_null" type="xboolean" value="false"/>
                </config>
                <entry key="consumption_path_converter" type="xstring" value="org.knime.core.data.convert.java.SimpleDataCellToJavaConverterFactory(StringValue,class java.lang.String,String)"/>
                <entry key="consumption_path_consumer" type="xstring" value="java.lang.String-&gt;VARCHAR"/>
            </config>
            <config key="5">
                <config key="fromType">
                    <entry key="cell_class" type="xstring" value="org.knime.core.data.time.duration.DurationCell"/>
                    <entry key="is_null" type="xboolean" value="false"/>
                </config>
                <entry key="consumption_path_converter" type="xstring" value="org.knime.core.data.convert.java.SimpleDataCellToJavaConverterFactory(DataValue,class java.lang.String,String (toString()))"/>
                <entry key="consumption_path_consumer" type="xstring" value="java.lang.String-&gt;VARCHAR"/>
            </config>
            <config key="6">
                <config key="fromType">
                    <entry key="cell_class" type="xstring" value="org.knime.core.data.time.localdate.LocalDateCell"/>
                    <entry key="is_null" type="xboolean" value="false"/>
                </config>
                <entry key="consumption_path_converter" type="xstring" value="org.knime.core.data.convert.java.SimpleDataCellToJavaConverterFactory(LocalDateValue,class java.time.LocalDate,LocalDate)"/>
                <entry key="consumption_path_consumer" type="xstring" value="java.time.LocalDate-&gt;DATE"/>
            </config>
            <config key="7">
                <config key="fromType">
                    <entry key="cell_class" type="xstring" value="org.knime.core.data.time.localdatetime.LocalDateTimeCell"/>
                    <entry key="is_null" type="xboolean" value="false"/>
                </config>
                <entry key="consumption_path_converter" type="xstring" value="org.knime.core.data.convert.java.SimpleDataCellToJavaConverterFactory(LocalDateTimeValue,class java.time.LocalDateTime,LocalDateTime)"/>
                <entry key="consumption_path_consumer" type="xstring" value="java.time.LocalDateTime-&gt;TIMESTAMP"/>
            </config>
            <config key="8">
                <config key="fromType">
                    <entry key="cell_class" type="xstring" value="org.knime.core.data.time.localtime.LocalTimeCell"/>
                    <entry key="is_null" type="xboolean" value="false"/>
                </config>
                <entry key="consumption_path_converter" type="xstring" value="org.knime.core.data.convert.java.SimpleDataCellToJavaConverterFactory(DataValue,class java.lang.String,String (toString()))"/>
                <entry key="consumption_path_consumer" type="xstring" value="java.lang.String-&gt;VARCHAR"/>
            </config>
            <config key="9">
                <config key="fromType">
                    <entry key="cell_class" type="xstring" value="org.knime.core.data.time.period.PeriodCell"/>
                    <entry key="is_null" type="xboolean" value="false"/>
                </config>
                <entry key="consumption_path_converter" type="xstring" value="org.knime.core.data.convert.java.SimpleDataCellToJavaConverterFactory(DataValue,class java.lang.String,String (toString()))"/>
                <entry key="consumption_path_consumer" type="xstring" value="java.lang.String-&gt;VARCHAR"/>
            </config>
            <config key="10">
                <config key="fromType">
                    <entry key="cell_class" type="xstring" value="org.knime.core.data.time.zoneddatetime.ZonedDateTimeCell"/>
                    <entry key="is_null" type="xboolean" value="false"/>
                </config>
                <entry key="consumption_path_converter" type="xstring" value="org.knime.core.data.convert.java.SimpleDataCellToJavaConverterFactory(DataValue,class java.lang.String,String (toString()))"/>
                <entry key="consumption_path_consumer" type="xstring" value="java.lang.String-&gt;VARCHAR"/>
            </config>
        </config>
    </config>
    <config key="additionalSettings">
        <config key="attributes">
            <entry key="knime.db.connection.jdbc.fetch_size" type="xint" value="10000"/>
            <entry key="knime.db.dialect.sql.delimiter.identifier.closing" type="xstring" value="`"/>
            <entry key="knime.db.capability.multi.dbs" type="xboolean" value="true"/>
            <entry key="knime.db.dialect.sql.delimiter.identifier.opening" type="xstring" value="`"/>
            <entry key="knime.db.dialect.sql.identifier.replace.character.non_word.replacement" type="xstring" value=""/>
            <entry key="knime.db.connection.reconnect" type="xboolean" value="false"/>
            <entry key="knime.db.connection.statement.cancellation.polling_period" type="xint" value="1000"/>
            <entry key="knime.db.connection.idle.timeout" type="xint" value="0"/>
            <entry key="knime.db.connection.metadata.table.types" type="xstring" value="TABLE, VIEW"/>
            <entry key="knime.db.connection.metadata.configure.timeout" type="xint" value="3"/>
            <entry key="knime.db.connection.statement.cancellation.enabled" type="xboolean" value="true"/>
            <entry key="knime.db.connection.metadata.configure.enabled" type="xboolean" value="false"/>
            <entry key="knime.db.connection.validation_query" type="xstring" value=""/>
            <entry key="knime.db.connection.metadata.query.flatten" type="xboolean" value="false"/>
            <entry key="knime.db.dialect.sql.identifier.delimiting.onlyspaces" type="xboolean" value="false"/>
            <entry key="knime.db.connection.logger.enabled" type="xboolean" value="false"/>
            <entry key="knime.db.connection.restore" type="xboolean" value="false"/>
            <entry key="knime.db.connection.reconnect.timeout" type="xint" value="0"/>
            <entry key="knime.db.agent.writer.fail_on_missing_in_where_clause" type="xboolean" value="true"/>
            <entry key="knime.db.dialect.sql.identifier.replace.character.non_word.enabled" type="xboolean" value="false"/>
        </config>
    </config>
    <entry key="clusterId" type="xstring" value="0617-104850-gcyxfhxi"/>
    <entry key="terminateClusterOnDisconnect" type="xboolean" value="true"/>
</config>
